../Src/main.c:56:5:main	72	static
../Src/main.c:102:6:SetSystemClockto16MHz	24	static
../Src/main.c:136:6:ConfigureTimer3	32	static
../Src/main.c:166:6:Delay	32	static
../Src/main.c:184:6:SPI1ClockEnable	16	static
../Src/main.c:191:6:GPIOAClockEnable	16	static
../Src/main.c:198:6:SPI1Init	16	static
../Src/main.c:232:6:SPI1WriteToDR	24	static
../Src/main.c:239:6:WaitForTransmissionEnd	16	static
../Src/main.c:247:6:EnableSlave	16	static
../Src/main.c:254:6:DisableSlave	16	static
../Src/main.c:261:6:SPI1_Transmit	16	static
../Src/main.c:269:6:SPI1PinsInit	24	static
../Src/main.c:296:6:max7219_write	24	static
../Src/main.c:302:6:matrixClear	16	static
../Src/main.c:310:6:matrixInit	8	static
../Src/main.c:321:6:positionToMatrixPos	32	static
../Src/main.c:358:6:LEDMatrixWrite	24	static
../Src/main.c:368:6:LEDMatrixRowWrite	24	static
