../Src/main.c:46:5:main	64	static
../Src/main.c:77:6:SetSystemClockto16MHz	24	static
../Src/main.c:111:6:SPI1ClockEnable	16	static
../Src/main.c:118:6:GPIOAClockEnable	16	static
../Src/main.c:125:6:SPI1Init	16	static
../Src/main.c:159:6:SPI1WriteToDR	24	static
../Src/main.c:166:6:WaitForTransmissionEnd	16	static
../Src/main.c:174:6:EnableSlave	16	static
../Src/main.c:181:6:DisableSlave	16	static
../Src/main.c:188:6:SPI1_Transmit	16	static
../Src/main.c:196:6:SPI1PinsInit	24	static
../Src/main.c:223:6:max7219_write	24	static
../Src/main.c:229:6:matrixClear	16	static
../Src/main.c:237:6:matrixInit	8	static
../Src/main.c:248:6:positionToMatrixPos	32	static
../Src/main.c:285:6:LEDMatrixWrite	24	static
../Src/main.c:295:6:LEDMatrixRowWrite	24	static
